usage: __main__.py [-h] --input INPUT --output OUTPUT
__main__.py: error: the following arguments are required: --input, --output
INTERNALERROR> Traceback (most recent call last):
INTERNALERROR>   File "/usr/lib/python3.13/argparse.py", line 1951, in _parse_known_args2
INTERNALERROR>     namespace, args = self._parse_known_args(args, namespace, intermixed)
INTERNALERROR>                       ~~~~~~~~~~~~~~~~~~~~~~^^^^^^^^^^^^^^^^^^^^^^^^^^^^^
INTERNALERROR>   File "/usr/lib/python3.13/argparse.py", line 2248, in _parse_known_args
INTERNALERROR>     raise ArgumentError(None, _('the following arguments are required: %s') %
INTERNALERROR>                ', '.join(required_actions))
INTERNALERROR> argparse.ArgumentError: the following arguments are required: --input, --output
INTERNALERROR> 
INTERNALERROR> During handling of the above exception, another exception occurred:
INTERNALERROR> 
INTERNALERROR> Traceback (most recent call last):
INTERNALERROR>   File "/opt/pyvenv/lib/python3.13/site-packages/_pytest/main.py", line 318, in wrap_session
INTERNALERROR>     session.exitstatus = doit(config, session) or 0
INTERNALERROR>                          ~~~~^^^^^^^^^^^^^^^^^
INTERNALERROR>   File "/opt/pyvenv/lib/python3.13/site-packages/_pytest/main.py", line 371, in _main
INTERNALERROR>     config.hook.pytest_collection(session=session)
INTERNALERROR>     ~~~~~~~~~~~~~~~~~~~~~~~~~~~~~^^^^^^^^^^^^^^^^^
INTERNALERROR>   File "/opt/pyvenv/lib/python3.13/site-packages/pluggy/_hooks.py", line 512, in __call__
INTERNALERROR>     return self._hookexec(self.name, self._hookimpls.copy(), kwargs, firstresult)
INTERNALERROR>            ~~~~~~~~~~~~~~^^^^^^^^^^^^^^^^^^^^^^^^^^^^^^^^^^^^^^^^^^^^^^^^^^^^^^^^
INTERNALERROR>   File "/opt/pyvenv/lib/python3.13/site-packages/pluggy/_manager.py", line 120, in _hookexec
INTERNALERROR>     return self._inner_hookexec(hook_name, methods, kwargs, firstresult)
INTERNALERROR>            ~~~~~~~~~~~~~~~~~~~~^^^^^^^^^^^^^^^^^^^^^^^^^^^^^^^^^^^^^^^^^
INTERNALERROR>   File "/opt/pyvenv/lib/python3.13/site-packages/pluggy/_callers.py", line 167, in _multicall
INTERNALERROR>     raise exception
INTERNALERROR>   File "/opt/pyvenv/lib/python3.13/site-packages/pluggy/_callers.py", line 139, in _multicall
INTERNALERROR>     teardown.throw(exception)
INTERNALERROR>     ~~~~~~~~~~~~~~^^^^^^^^^^^
INTERNALERROR>   File "/opt/pyvenv/lib/python3.13/site-packages/_pytest/logging.py", line 788, in pytest_collection
INTERNALERROR>     return (yield)
INTERNALERROR>             ^^^^^
INTERNALERROR>   File "/opt/pyvenv/lib/python3.13/site-packages/pluggy/_callers.py", line 139, in _multicall
INTERNALERROR>     teardown.throw(exception)
INTERNALERROR>     ~~~~~~~~~~~~~~^^^^^^^^^^^
INTERNALERROR>   File "/opt/pyvenv/lib/python3.13/site-packages/_pytest/warnings.py", line 98, in pytest_collection
INTERNALERROR>     return (yield)
INTERNALERROR>             ^^^^^
INTERNALERROR>   File "/opt/pyvenv/lib/python3.13/site-packages/pluggy/_callers.py", line 139, in _multicall
INTERNALERROR>     teardown.throw(exception)
INTERNALERROR>     ~~~~~~~~~~~~~~^^^^^^^^^^^
INTERNALERROR>   File "/opt/pyvenv/lib/python3.13/site-packages/_pytest/config/__init__.py", line 1403, in pytest_collection
INTERNALERROR>     return (yield)
INTERNALERROR>             ^^^^^
INTERNALERROR>   File "/opt/pyvenv/lib/python3.13/site-packages/pluggy/_callers.py", line 121, in _multicall
INTERNALERROR>     res = hook_impl.function(*args)
INTERNALERROR>   File "/opt/pyvenv/lib/python3.13/site-packages/_pytest/main.py", line 382, in pytest_collection
INTERNALERROR>     session.perform_collect()
INTERNALERROR>     ~~~~~~~~~~~~~~~~~~~~~~~^^
INTERNALERROR>   File "/opt/pyvenv/lib/python3.13/site-packages/_pytest/main.py", line 857, in perform_collect
INTERNALERROR>     self.items.extend(self.genitems(node))
INTERNALERROR>     ~~~~~~~~~~~~~~~~~^^^^^^^^^^^^^^^^^^^^^
INTERNALERROR>   File "/opt/pyvenv/lib/python3.13/site-packages/_pytest/main.py", line 1023, in genitems
INTERNALERROR>     yield from self.genitems(subnode)
INTERNALERROR>   File "/opt/pyvenv/lib/python3.13/site-packages/_pytest/main.py", line 1023, in genitems
INTERNALERROR>     yield from self.genitems(subnode)
INTERNALERROR>   File "/opt/pyvenv/lib/python3.13/site-packages/_pytest/main.py", line 1023, in genitems
INTERNALERROR>     yield from self.genitems(subnode)
INTERNALERROR>   [Previous line repeated 1 more time]
INTERNALERROR>   File "/opt/pyvenv/lib/python3.13/site-packages/_pytest/main.py", line 1020, in genitems
INTERNALERROR>     rep, duplicate = self._collect_one_node(node, handle_dupes)
INTERNALERROR>                      ~~~~~~~~~~~~~~~~~~~~~~^^^^^^^^^^^^^^^^^^^^
INTERNALERROR>   File "/opt/pyvenv/lib/python3.13/site-packages/_pytest/main.py", line 883, in _collect_one_node
INTERNALERROR>     rep = collect_one_node(node)
INTERNALERROR>   File "/opt/pyvenv/lib/python3.13/site-packages/_pytest/runner.py", line 576, in collect_one_node
INTERNALERROR>     rep: CollectReport = ihook.pytest_make_collect_report(collector=collector)
INTERNALERROR>                          ~~~~~~~~~~~~~~~~~~~~~~~~~~~~~~~~^^^^^^^^^^^^^^^^^^^^^
INTERNALERROR>   File "/opt/pyvenv/lib/python3.13/site-packages/pluggy/_hooks.py", line 512, in __call__
INTERNALERROR>     return self._hookexec(self.name, self._hookimpls.copy(), kwargs, firstresult)
INTERNALERROR>            ~~~~~~~~~~~~~~^^^^^^^^^^^^^^^^^^^^^^^^^^^^^^^^^^^^^^^^^^^^^^^^^^^^^^^^
INTERNALERROR>   File "/opt/pyvenv/lib/python3.13/site-packages/pluggy/_manager.py", line 120, in _hookexec
INTERNALERROR>     return self._inner_hookexec(hook_name, methods, kwargs, firstresult)
INTERNALERROR>            ~~~~~~~~~~~~~~~~~~~~^^^^^^^^^^^^^^^^^^^^^^^^^^^^^^^^^^^^^^^^^
INTERNALERROR>   File "/opt/pyvenv/lib/python3.13/site-packages/pluggy/_callers.py", line 167, in _multicall
INTERNALERROR>     raise exception
INTERNALERROR>   File "/opt/pyvenv/lib/python3.13/site-packages/pluggy/_callers.py", line 139, in _multicall
INTERNALERROR>     teardown.throw(exception)
INTERNALERROR>     ~~~~~~~~~~~~~~^^^^^^^^^^^
INTERNALERROR>   File "/opt/pyvenv/lib/python3.13/site-packages/_pytest/capture.py", line 880, in pytest_make_collect_report
INTERNALERROR>     rep = yield
INTERNALERROR>           ^^^^^
INTERNALERROR>   File "/opt/pyvenv/lib/python3.13/site-packages/pluggy/_callers.py", line 121, in _multicall
INTERNALERROR>     res = hook_impl.function(*args)
INTERNALERROR>   File "/opt/pyvenv/lib/python3.13/site-packages/_pytest/runner.py", line 400, in pytest_make_collect_report
INTERNALERROR>     call = CallInfo.from_call(
INTERNALERROR>         collect, "collect", reraise=(KeyboardInterrupt, SystemExit)
INTERNALERROR>     )
INTERNALERROR>   File "/opt/pyvenv/lib/python3.13/site-packages/_pytest/runner.py", line 353, in from_call
INTERNALERROR>     result: TResult | None = func()
INTERNALERROR>                              ~~~~^^
INTERNALERROR>   File "/opt/pyvenv/lib/python3.13/site-packages/_pytest/runner.py", line 398, in collect
INTERNALERROR>     return list(collector.collect())
INTERNALERROR>                 ~~~~~~~~~~~~~~~~~^^
INTERNALERROR>   File "/opt/pyvenv/lib/python3.13/site-packages/_pytest/python.py", line 563, in collect
INTERNALERROR>     self._register_setup_module_fixture()
INTERNALERROR>     ~~~~~~~~~~~~~~~~~~~~~~~~~~~~~~~~~~~^^
INTERNALERROR>   File "/opt/pyvenv/lib/python3.13/site-packages/_pytest/python.py", line 576, in _register_setup_module_fixture
INTERNALERROR>     self.obj, ("setUpModule", "setup_module")
INTERNALERROR>     ^^^^^^^^
INTERNALERROR>   File "/opt/pyvenv/lib/python3.13/site-packages/_pytest/python.py", line 289, in obj
INTERNALERROR>     self._obj = obj = self._getobj()
INTERNALERROR>                       ~~~~~~~~~~~~^^
INTERNALERROR>   File "/opt/pyvenv/lib/python3.13/site-packages/_pytest/python.py", line 560, in _getobj
INTERNALERROR>     return importtestmodule(self.path, self.config)
INTERNALERROR>   File "/opt/pyvenv/lib/python3.13/site-packages/_pytest/python.py", line 507, in importtestmodule
INTERNALERROR>     mod = import_path(
INTERNALERROR>         path,
INTERNALERROR>     ...<2 lines>...
INTERNALERROR>         consider_namespace_packages=config.getini("consider_namespace_packages"),
INTERNALERROR>     )
INTERNALERROR>   File "/opt/pyvenv/lib/python3.13/site-packages/_pytest/pathlib.py", line 587, in import_pathmainloop: caught unexpected SystemExit!

INTERNALERROR>     importlib.import_module(module_name)
INTERNALERROR>     ~~~~~~~~~~~~~~~~~~~~~~~^^^^^^^^^^^^^
INTERNALERROR>   File "/usr/lib/python3.13/importlib/__init__.py", line 88, in import_module
INTERNALERROR>     return _bootstrap._gcd_import(name[level:], package, level)
INTERNALERROR>            ~~~~~~~~~~~~~~~~~~~~~~^^^^^^^^^^^^^^^^^^^^^^^^^^^^^^
INTERNALERROR>   File "<frozen importlib._bootstrap>", line 1387, in _gcd_import
INTERNALERROR>   File "<frozen importlib._bootstrap>", line 1360, in _find_and_load
INTERNALERROR>   File "<frozen importlib._bootstrap>", line 1331, in _find_and_load_unlocked
INTERNALERROR>   File "<frozen importlib._bootstrap>", line 935, in _load_unlocked
INTERNALERROR>   File "/opt/pyvenv/lib/python3.13/site-packages/ddtrace/internal/module.py", line 313, in _exec_module
INTERNALERROR>     self.loader.exec_module(module)
INTERNALERROR>     ~~~~~~~~~~~~~~~~~~~~~~~^^^^^^^^
INTERNALERROR>   File "/opt/pyvenv/lib/python3.13/site-packages/_pytest/assertion/rewrite.py", line 197, in exec_module
INTERNALERROR>     exec(co, module.__dict__)
INTERNALERROR>     ~~~~^^^^^^^^^^^^^^^^^^^^^
INTERNALERROR>   File "/mnt/data/iteration2/DeepAha_Experience/tools/source_asset_importer/scripts/test_library_dialog_dom.py", line 17, in <module>
INTERNALERROR>     p=argparse.ArgumentParser();p.add_argument('--input',type=Path,required=True);p.add_argument('--output',type=Path,required=True);args=p.parse_args();args.output.mkdir(parents=True,exist_ok=True)
INTERNALERROR>                                                                                                                                           ~~~~~~~~~~~~^^
INTERNALERROR>   File "/usr/lib/python3.13/argparse.py", line 1912, in parse_args
INTERNALERROR>     args, argv = self.parse_known_args(args, namespace)
INTERNALERROR>                  ~~~~~~~~~~~~~~~~~~~~~^^^^^^^^^^^^^^^^^
INTERNALERROR>   File "/usr/lib/python3.13/argparse.py", line 1922, in parse_known_args
INTERNALERROR>     return self._parse_known_args2(args, namespace, intermixed=False)
INTERNALERROR>            ~~~~~~~~~~~~~~~~~~~~~~~^^^^^^^^^^^^^^^^^^^^^^^^^^^^^^^^^^^
INTERNALERROR>   File "/usr/lib/python3.13/argparse.py", line 1953, in _parse_known_args2
INTERNALERROR>     self.error(str(err))
INTERNALERROR>     ~~~~~~~~~~^^^^^^^^^^
INTERNALERROR>   File "/usr/lib/python3.13/argparse.py", line 2672, in error
INTERNALERROR>     self.exit(2, _('%(prog)s: error: %(message)s\n') % args)
INTERNALERROR>     ~~~~~~~~~^^^^^^^^^^^^^^^^^^^^^^^^^^^^^^^^^^^^^^^^^^^^^^^
INTERNALERROR>   File "/usr/lib/python3.13/argparse.py", line 2659, in exit
INTERNALERROR>     _sys.exit(status)
INTERNALERROR>     ~~~~~~~~~^^^^^^^^
INTERNALERROR> SystemExit: 2

197 errors in 8.40s
