PASS route /services
PASS plans start draft
PASS route /manage/services
PASS api GET /api/membership/plans
PASS native pricing persisted
PASS route /services
PASS layout services 320
PASS layout services 390
PASS layout services 768
PASS layout services 1440
PASS route /services
PASS route /app/subscription
PASS order waiting not claimed paid
PASS layout subscription-pending 390
PASS route /manage/services/orders
PASS route /app/tracking
PASS tracking saved
PASS layout tracking 390
PASS route /app/sources
PASS source automatically pending
PASS layout source-submission 390
PASS route /review/sources
PASS reviewer not price admin
PASS layout source-review 1440
PASS route /review/sources
PASS source adopted
PASS route /manage/services/items
PASS layout service-items 1440
PASS route /manage/services/runtime
PASS api GET /api/membership/manage/runtime
PASS scheduled directory scan completed
PASS no paid auto enabled
PASS route /app/notifications
PASS unified services notices
PASS layout unified-messages 390
PASS route /app/me
PASS native account has subscriptions
PASS layout account 390
PASS route /services
PASS api GET /api/membership/submissions
PASS custom source submitted once
PASS route /manage/services/orders
PASS layout quoted-orders 1440
PASS route /app/subscription
PASS custom quote accepted
PASS route /manage/services
PASS layout management-readonly 390
PASS mobile write buttons disabled
PASS route /manage/sharing
PASS layout sharing-settings 1440
PASS share preview updates immediately
PASS api GET /api/manage/sharing
PASS share settings persisted
PASS api GET /api/manage/sharing
PASS share cover upload persisted
PASS layout sharing-settings 390
PASS layout sharing-settings 768
PASS public HTML is standalone OG
PASS public canonical not fixture host
PASS route /app/privacy
PASS layout privacy 320
PASS route /app/privacy
PASS layout privacy 390
PASS route /app/privacy
PASS layout privacy 1440
PASS route /app/subscription
PASS layout subscription 320
PASS route /app/subscription
PASS layout subscription 390
PASS route /app/subscription
PASS layout subscription 1440
PASS route /app/tracking
PASS layout tracking 320
PASS route /app/tracking
PASS layout tracking 390
PASS route /app/tracking
PASS layout tracking 1440
PASS route /app/sources
PASS layout sources 320
PASS route /app/sources
PASS layout sources 390
PASS route /app/sources
PASS layout sources 1440
PASS route /manage/services
PASS route /manage/services
PASS route /manage/services/items
PASS route /manage/services/items
PASS route /manage/services/grants
PASS route /manage/services/grants
PASS route /manage/services/jobs
PASS route /manage/services/jobs
PASS route /manage/services/audit
PASS route /manage/services/audit
PASS route /manage/services/runtime
PASS route /manage/services/runtime
PASS route /review/sources
PASS route /review/sources
PASS route /manage/sharing
PASS route /manage/sharing
PASS no javascript page errors
PASS no server errors
